Microchip MPLAB XC8 Compiler V2.41

Linker command line:

-W-3 \
  --edf=C:/Program Files/Microchip/MPLABX/v6.10/packs/Microchip/PIC18Fxxxx_DFP/1.4.151/xc8\pic\dat\20230323171731_en.msgs \
  -cn -h+dist/default/debug\FREQ_METER.debug.sym \
  --cmf=dist/default/debug\FREQ_METER.debug.cmf -z -Q18F4620 \
  -oC:\Users\AHMEDY~1\AppData\Local\Temp\xcBs8pc.1\driver_tmp_3.o \
  --defsym=__MPLAB_BUILD=1 --fixupoverflow=error \
  -Mdist/default/debug/FREQ_METER.debug.map \
  --md=C:\Users\AHMEDY~1\AppData\Local\Temp\xcBs8pc.1\driver_tmp_0.dat -E1 \
  -ver=XC8 Compiler --acfsm=1493 -ACODE=00h-0FFFFh -ACONST=00h-0FFFFh \
  -ASMALLCONST=01000h-010FFhx240 -AMEDIUMCONST=01000h-0FFFFh \
  -ACOMRAM=01h-07Fh -AABS1=00h-0F7Fh -ABIGRAM=01h-0F7Fh \
  -ARAM=080h-0FFh,0100h-01FFhx14,0F00h-0F7Fh -ABANK0=080h-0FFh \
  -ABANK1=0100h-01FFh -ABANK2=0200h-02FFh -ABANK3=0300h-03FFh \
  -ABANK4=0400h-04FFh -ABANK5=0500h-05FFh -ABANK6=0600h-06FFh \
  -ABANK7=0700h-07FFh -ABANK8=0800h-08FFh -ABANK9=0900h-09FFh \
  -ABANK10=0A00h-0AFFh -ABANK11=0B00h-0BFFh -ABANK12=0C00h-0CFFh \
  -ABANK13=0D00h-0DFFh -ABANK14=0E00h-0EFFh -ABANK15=0F00h-0F7Fh \
  -ASFR=0F80h-0FFFh -ABIGSFR=0F80h-0FFFh -ACONFIG=0300000h-030000Dh \
  -AIDLOC=0200000h-0200007h -AEEDATA=0F00000h-0F003FFh -peeprom_data=EEDATA \
  -preset_vec=00h,intcode=08h,intcodelo,powerup,init -pramtop=01000h \
  -psmallconst=SMALLCONST -pmediumconst=MEDIUMCONST -pconst=CONST \
  -AFARRAM=00h-00h \
  -prdata=COMRAM,nvrram=COMRAM,nvbit=COMRAM,rbss=COMRAM,rbit=COMRAM \
  -pfarbss=FARRAM,fardata=FARRAM,nvFARRAM=FARRAM \
  -pintsave_regs=BIGRAM,bigbss=BIGRAM,bigdata=BIGRAM -pbss=RAM \
  -pidata=CODE,irdata=CODE,ibigdata=CODE,ifardata=CODE -prparam=COMRAM \
  C:\Users\AHMEDY~1\AppData\Local\Temp\xcBs8pc.1\driver_tmp_14.o \
  dist/default/debug\FREQ_METER.debug.o 

Object code version is 3.11

Machine type is 18F4620



                Name                               Link     Load   Length Selector   Space Scale
C:\Users\AHMEDY~1\AppData\Local\Temp\xcBs8pc.1\driver_tmp_14.o
                config                           300000   300000        E        0       4
                init                                  E        E        4        4       0
                reset_vec                             0        0        4        0       0
dist/default/debug\FREQ_METER.debug.o
                intcode                               8        8        6        4       0
                config                           300000   300000        E        0       4
                temp                                 7D       7D        1        1       1
                smallconst                         1000     1000       1A      800       0
                text47                             2920     2920       46      80D       0
                text46                             2AFC     2AFC       22     153E       0
                text45                             11AE     11AE      176      80D       0
                text44                             1B5E     1B5E       C4      80D       0
                text43                             1D8E     1D8E       B0      80D       0
                text42                             29AA     29AA       40      80D       0
                text41                             2B22     2B22        2     153E       0
                text40                             1A94     1A94       CA      80D       0
                text39                             2966     2966       44      80D       0
                text38                             23EE     23EE       7A      80D       0
                text37                             101A     101A      194      80D       0
                text36                             158A     158A      12A      80D       0
                text35                             27A2     27A2       50      80D       0
                text34                             288E     288E       4C      80D       0
                text33                             1CDC     1CDC       B2      80D       0
                text32                             17D8     17D8      11E      80D       0
                text31                             2840     2840       4E      80D       0
                text30                             21E4     21E4       88      80D       0
                text29                             25C0     25C0       72      80D       0
                text28                             19CA     19CA       CA      80D       0
                text27                             254E     254E       72      80D       0
                text26                             20BC     20BC       96      80D       0
                text25                             2020     2020       9C      80D       0
                text24                             2A20     2A20       2E      80D       0
                text23                             2B1E     2B1E        4     153E       0
                intcode_body                       1E3E     1E3E       A6      80D       0
                text21                             2468     2468       74      80D       0
                text20                             26F4     26F4       5A      80D       0
                text19                             1F82     1F82       9E      80D       0
                text18                             2AD2     2AD2       2A     153E       0
                text17                             226C     226C       86      80D       0
                text16                             29EA     29EA       36      80D       0
                text15                             1EE4     1EE4       9E      80D       0
                text14                             2AA8     2AA8       2A     153E       0
                text13                             1C22     1C22       BA      80D       0
                text12                             1460     1460      12A      80D       0
                text11                             16B4     16B4      124      80D       0
                text10                             24DC     24DC       72      80D       0
                text9                              274E     274E       54      80D       0
                text8                              2152     2152       92      80D       0
                text7                              2370     2370       7E      80D       0
                text6                              1324     1324      13C      80D       0
                text5                              2A7C     2A7C       2C     153E       0
                text4                              18F6     18F6       D4      80D       0
                text3                              22F2     22F2       7E      80D       0
                text2                              28DA     28DA       46      80D       0
                text1                              269A     269A       5A      80D       0
                text0                              2632     2632       68      80D       0
                cstackCOMRAM                          1        1       6E        1       1
                cstackBANK0                          D4       D4       1F       80       1
                bssBANK1                            100      100       20      100       1
                dataBANK0                            80       80       2D       80       1
                bssBANK0                             AD       AD       27       80       1
                bssCOMRAM                            6F       6F        E        1       1
                cinit                              27F2     27F2       4E      80D       0
                idataBANK0                         2A4E     2A4E       2D      80D       0

TOTAL           Name                               Link     Load   Length     Space
        CLASS   CODE           
                intcode                               8        8        6         0
                init                                  E        E        4         0
                reset_vec                             0        0        4         0
                text47                             2920     2920       46         0
                text46                             2AFC     2AFC       22         0
                text45                             11AE     11AE      176         0
                text44                             1B5E     1B5E       C4         0
                text43                             1D8E     1D8E       B0         0
                text42                             29AA     29AA       40         0
                text41                             2B22     2B22        2         0
                text40                             1A94     1A94       CA         0
                text39                             2966     2966       44         0
                text38                             23EE     23EE       7A         0
                text37                             101A     101A      194         0
                text36                             158A     158A      12A         0
                text35                             27A2     27A2       50         0
                text34                             288E     288E       4C         0
                text33                             1CDC     1CDC       B2         0
                text32                             17D8     17D8      11E         0
                text31                             2840     2840       4E         0
                text30                             21E4     21E4       88         0
                text29                             25C0     25C0       72         0
                text28                             19CA     19CA       CA         0
                text27                             254E     254E       72         0
                text26                             20BC     20BC       96         0
                text25                             2020     2020       9C         0
                text24                             2A20     2A20       2E         0
                text23                             2B1E     2B1E        4         0
                intcode_body                       1E3E     1E3E       A6         0
                text21                             2468     2468       74         0
                text20                             26F4     26F4       5A         0
                text19                             1F82     1F82       9E         0
                text18                             2AD2     2AD2       2A         0
                text17                             226C     226C       86         0
                text16                             29EA     29EA       36         0
                text15                             1EE4     1EE4       9E         0
                text14                             2AA8     2AA8       2A         0
                text13                             1C22     1C22       BA         0
                text12                             1460     1460      12A         0
                text11                             16B4     16B4      124         0
                text10                             24DC     24DC       72         0
                text9                              274E     274E       54         0
                text8                              2152     2152       92         0
                text7                              2370     2370       7E         0
                text6                              1324     1324      13C         0
                text5                              2A7C     2A7C       2C         0
                text4                              18F6     18F6       D4         0
                text3                              22F2     22F2       7E         0
                text2                              28DA     28DA       46         0
                text1                              269A     269A       5A         0
                text0                              2632     2632       68         0
                cinit                              27F2     27F2       4E         0
                idataBANK0                         2A4E     2A4E       2D         0

        CLASS   CONST          

        CLASS   SMALLCONST     
                smallconst                         1000     1000       1A         0

        CLASS   MEDIUMCONST    

        CLASS   COMRAM         
                temp                                 7D       7D        1         1
                cstackCOMRAM                          1        1       6E         1
                bssCOMRAM                            6F       6F        E         1

        CLASS   ABS1           

        CLASS   BIGRAM         

        CLASS   RAM            

        CLASS   BANK0          
                cstackBANK0                          D4       D4       1F         1
                dataBANK0                            80       80       2D         1
                bssBANK0                             AD       AD       27         1

        CLASS   BANK1          
                bssBANK1                            100      100       20         1

        CLASS   BANK2          

        CLASS   BANK3          

        CLASS   BANK4          

        CLASS   BANK5          

        CLASS   BANK6          

        CLASS   BANK7          

        CLASS   BANK8          

        CLASS   BANK9          

        CLASS   BANK10         

        CLASS   BANK11         

        CLASS   BANK12         

        CLASS   BANK13         

        CLASS   BANK14         

        CLASS   BANK15         

        CLASS   SFR            

        CLASS   BIGSFR         

        CLASS   CONFIG         
                config                           300000   300000        E         4

        CLASS   IDLOC          

        CLASS   EEDATA         

        CLASS   FARRAM         

        CLASS   HEAP           

        CLASS   STACK          



SEGMENTS        Name                           Load    Length   Top    Selector   Space  Class

                reset_vec                      000000  000004  000004         0       0  CODE    
                cstackCOMRAM                   000001  00007D  00007E         1       1  COMRAM  
                intcode                        000008  00000A  000012         4       0  CODE    
                dataBANK0                      000080  000073  0000F3        80       1  BANK0   
                bssBANK1                       000100  000020  000120       100       1  BANK1   
                smallconst                     001000  00001A  00101A       800       0  SMALLCON
                text37                         00101A  001A61  002A7B       80D       0  CODE    
                text5                          002A7C  0000A8  002B24      153E       0  CODE    


UNUSED ADDRESS RANGES

        Name                Unused          Largest block    Delta
        BANK0            0000F3-0000FF                D
        BANK1            000120-0001FF               E0
        BANK10           000A00-000AFF              100
        BANK11           000B00-000BFF              100
        BANK12           000C00-000CFF              100
        BANK13           000D00-000DFF              100
        BANK14           000E00-000EFF              100
        BANK15           000F00-000F7F               80
        BANK2            000200-0002FF              100
        BANK3            000300-0003FF              100
        BANK4            000400-0004FF              100
        BANK5            000500-0005FF              100
        BANK6            000600-0006FF              100
        BANK7            000700-0007FF              100
        BANK8            000800-0008FF              100
        BANK9            000900-0009FF              100
        BIGRAM           00007E-00007F                2
                         0000F3-0000FF                D
                         000120-000F7F              E60
        BIGSFR           000F80-000FFF               80
        CODE             000004-000007                4
                         000012-000FFF              FEE
                         002A7B-002A7B                1
                         002B24-00FFFF             D4DC
        COMRAM           00007E-00007F                2
        CONST            000004-000007                4
                         000012-000FFF              FEE
                         002A7B-002A7B                1
                         002B24-00FFFF             D4DC
        EEDATA           F00000-F003FF              400
        IDLOC            200000-200007                8
        MEDIUMCONST      002A7B-002A7B                1
                         002B24-00FFFF             D4DC
        RAM              0000F3-0000FF                D
                         000120-000F7F              100
        SFR              000F80-000FFF               80
        SMALLCONST       002A7B-002A7B                1
                         002B24-00FFFF              100

                                  Symbol Table

?___awdiv                               cstackCOMRAM 000001
?___awmod                               cstackCOMRAM 000001
?_abs                                   cstackCOMRAM 000007
?_sprintf                               cstackCOMRAM 00003F
?_vfprintf                              cstackCOMRAM 000037
Timer0_init@timer0                      cstackBANK0  0000D7
Timer1_init@timer1                      cstackBANK0  0000D7
Timer1_read_value@timer1                cstackCOMRAM 000001
Timer1_read_value@tmr1H                 cstackCOMRAM 00000A
Timer1_read_value@tmr1L                 cstackCOMRAM 000009
Timer1_read_value@value                 cstackCOMRAM 000003
Timer1_write_value@timer1               cstackCOMRAM 000001
Timer1_write_value@value                cstackCOMRAM 000003
_INTCONbits                             (abs)        000FF2
_InterruptManager                       intcode      000008
_LATA                                   (abs)        000F89
_LATB                                   (abs)        000F8A
_LATC                                   (abs)        000F8B
_LATD                                   (abs)        000F8C
_LATE                                   (abs)        000F8D
_PIE1bits                               (abs)        000F9D
_PIR1bits                               (abs)        000F9E
_PORTA                                  (abs)        000F80
_PORTB                                  (abs)        000F81
_PORTC                                  (abs)        000F82
_PORTD                                  (abs)        000F83
_PORTE                                  (abs)        000F84
_SET_FLAG                               text25       002020
_T0CONbits                              (abs)        000FD5
_T1CONbits                              (abs)        000FCD
_TIMER0_HUNDLER                         bssCOMRAM    000077
_TIMER0_ISR                             text24       002A20
_TIMER1_HUNDLER                         bssBANK0     0000BE
_TIMER1_ISR                             text23       002B1E
_TMR0H                                  (abs)        000FD7
_TMR0L                                  (abs)        000FD6
_TMR1H                                  (abs)        000FCF
_TMR1L                                  (abs)        000FCE
_TRISA                                  (abs)        000F92
_TRISB                                  (abs)        000F93
_TRISC                                  (abs)        000F94
_TRISD                                  (abs)        000F95
_TRISE                                  (abs)        000F96
_Timer0_init                            text17       00226C
_Timer1_init                            text13       001C22
_Timer1_read_value                      text47       002920
_Timer1_write_value                     text46       002AFC
__HRAM                                  (abs)        000000
__H__absolute__                         __absolute__ 000000
__Habs1                                 abs1         000000
__Hbank0                                bank0        000000
__Hbank1                                bank1        000000
__Hbank10                               bank10       000000
__Hbank11                               bank11       000000
__Hbank12                               bank12       000000
__Hbank13                               bank13       000000
__Hbank14                               bank14       000000
__Hbank15                               bank15       000000
__Hbank2                                bank2        000000
__Hbank3                                bank3        000000
__Hbank4                                bank4        000000
__Hbank5                                bank5        000000
__Hbank6                                bank6        000000
__Hbank7                                bank7        000000
__Hbank8                                bank8        000000
__Hbank9                                bank9        000000
__Hbigbss                               bigbss       000000
__Hbigdata                              bigdata      000000
__Hbigram                               bigram       000000
__Hbigsfr                               bigsfr       000000
__Hbss                                  bss          000000
__HbssBANK0                             bssBANK0     000000
__HbssBANK1                             bssBANK1     000000
__HbssCOMRAM                            bssCOMRAM    000000
__Hcinit                                cinit        000000
__Hclrtext                              clrtext      000000
__Hcomram                               comram       000000
__Hconfig                               config       30000E
__Hconst                                const        000000
__HcstackBANK0                          cstackBANK0  000000
__HcstackCOMRAM                         cstackCOMRAM 000000
__Hdata                                 data         000000
__HdataBANK0                            dataBANK0    000000
__Heeprom_data                          eeprom_data  000000
__Hfarbss                               farbss       000000
__Hfardata                              fardata      000000
__Hheap                                 heap         000000
__Hibigdata                             ibigdata     000000
__Hidata                                idata        000000
__HidataBANK0                           idataBANK0   000000
__Hidloc                                idloc        000000
__Hifardata                             ifardata     000000
__Hinit                                 init         000012
__Hintcode                              intcode      00000E
__Hintcode_body                         intcode_body 000000
__Hintcodelo                            intcodelo    00000E
__Hintentry                             intentry     000000
__Hintret                               intret       000000
__Hintsave_regs                         intsave_regs 000000
__Hirdata                               irdata       000000
__Hmediumconst                          mediumconst  000000
__HnvFARRAM                             nvFARRAM     000000
__Hnvbit                                nvbit        000000
__Hnvrram                               nvrram       000000
__Hparam                                rparam       000000
__Hpowerup                              powerup      00000E
__Hram                                  ram          000000
__Hramtop                               ramtop       001000
__Hrbit                                 rbit         000000
__Hrbss                                 rbss         000000
__Hrdata                                rdata        000000
__Hreset_vec                            reset_vec    000004
__Hrparam                               rparam       000000
__Hsfr                                  sfr          000000
__Hsmallconst                           smallconst   00101A
__Hspace_0                              (abs)        002B24
__Hspace_1                              (abs)        000120
__Hspace_2                              (abs)        000000
__Hspace_4                              (abs)        60000E
__Hstack                                stack        000000
__Hstruct                               struct       000000
__Htemp                                 temp         00007E
__Htext                                 text         000000
__Htext0                                text0        000000
__Htext1                                text1        000000
__Htext10                               text10       000000
__Htext11                               text11       000000
__Htext12                               text12       000000
__Htext13                               text13       000000
__Htext14                               text14       000000
__Htext15                               text15       000000
__Htext16                               text16       000000
__Htext17                               text17       000000
__Htext18                               text18       000000
__Htext19                               text19       000000
__Htext2                                text2        000000
__Htext20                               text20       000000
__Htext21                               text21       000000
__Htext23                               text23       000000
__Htext24                               text24       000000
__Htext25                               text25       000000
__Htext26                               text26       000000
__Htext27                               text27       000000
__Htext28                               text28       000000
__Htext29                               text29       000000
__Htext3                                text3        000000
__Htext30                               text30       000000
__Htext31                               text31       000000
__Htext32                               text32       000000
__Htext33                               text33       000000
__Htext34                               text34       000000
__Htext35                               text35       000000
__Htext36                               text36       000000
__Htext37                               text37       000000
__Htext38                               text38       000000
__Htext39                               text39       000000
__Htext4                                text4        000000
__Htext40                               text40       000000
__Htext41                               text41       000000
__Htext42                               text42       000000
__Htext43                               text43       000000
__Htext44                               text44       000000
__Htext45                               text45       000000
__Htext46                               text46       000000
__Htext47                               text47       000000
__Htext48                               text48       000000
__Htext5                                text5        000000
__Htext6                                text6        000000
__Htext7                                text7        000000
__Htext8                                text8        000000
__Htext9                                text9        000000
__LRAM                                  (abs)        000001
__L__absolute__                         __absolute__ 000000
__Labs1                                 abs1         000000
__Lbank0                                bank0        000000
__Lbank1                                bank1        000000
__Lbank10                               bank10       000000
__Lbank11                               bank11       000000
__Lbank12                               bank12       000000
__Lbank13                               bank13       000000
__Lbank14                               bank14       000000
__Lbank15                               bank15       000000
__Lbank2                                bank2        000000
__Lbank3                                bank3        000000
__Lbank4                                bank4        000000
__Lbank5                                bank5        000000
__Lbank6                                bank6        000000
__Lbank7                                bank7        000000
__Lbank8                                bank8        000000
__Lbank9                                bank9        000000
__Lbigbss                               bigbss       000000
__Lbigdata                              bigdata      000000
__Lbigram                               bigram       000000
__Lbigsfr                               bigsfr       000000
__Lbss                                  bss          000000
__LbssBANK0                             bssBANK0     000000
__LbssBANK1                             bssBANK1     000000
__LbssCOMRAM                            bssCOMRAM    000000
__Lcinit                                cinit        000000
__Lclrtext                              clrtext      000000
__Lcomram                               comram       000000
__Lconfig                               config       000000
__Lconst                                const        000000
__LcstackBANK0                          cstackBANK0  000000
__LcstackCOMRAM                         cstackCOMRAM 000000
__Ldata                                 data         000000
__LdataBANK0                            dataBANK0    000000
__Leeprom_data                          eeprom_data  000000
__Lfarbss                               farbss       000000
__Lfardata                              fardata      000000
__Lheap                                 heap         000000
__Libigdata                             ibigdata     000000
__Lidata                                idata        000000
__LidataBANK0                           idataBANK0   000000
__Lidloc                                idloc        000000
__Lifardata                             ifardata     000000
__Linit                                 init         00000E
__Lintcode                              intcode      000008
__Lintcode_body                         intcode_body 000000
__Lintcodelo                            intcodelo    00000E
__Lintentry                             intentry     000000
__Lintret                               intret       000000
__Lintsave_regs                         intsave_regs 000000
__Lirdata                               irdata       000000
__Lmediumconst                          mediumconst  000000
__LnvFARRAM                             nvFARRAM     000000
__Lnvbit                                nvbit        000000
__Lnvrram                               nvrram       000000
__Lparam                                rparam       000000
__Lpowerup                              powerup      00000E
__Lram                                  ram          000000
__Lramtop                               ramtop       001000
__Lrbit                                 rbit         000000
__Lrbss                                 rbss         000000
__Lrdata                                rdata        000000
__Lreset_vec                            reset_vec    000000
__Lrparam                               rparam       000000
__Lsfr                                  sfr          000000
__Lsmallconst                           smallconst   001000
__Lspace_0                              (abs)        000000
__Lspace_1                              (abs)        000000
__Lspace_2                              (abs)        000000
__Lspace_4                              (abs)        000000
__Lstack                                stack        000000
__Lstruct                               struct       000000
__Ltemp                                 temp         00007D
__Ltext                                 text         000000
__Ltext0                                text0        000000
__Ltext1                                text1        000000
__Ltext10                               text10       000000
__Ltext11                               text11       000000
__Ltext12                               text12       000000
__Ltext13                               text13       000000
__Ltext14                               text14       000000
__Ltext15                               text15       000000
__Ltext16                               text16       000000
__Ltext17                               text17       000000
__Ltext18                               text18       000000
__Ltext19                               text19       000000
__Ltext2                                text2        000000
__Ltext20                               text20       000000
__Ltext21                               text21       000000
__Ltext23                               text23       000000
__Ltext24                               text24       000000
__Ltext25                               text25       000000
__Ltext26                               text26       000000
__Ltext27                               text27       000000
__Ltext28                               text28       000000
__Ltext29                               text29       000000
__Ltext3                                text3        000000
__Ltext30                               text30       000000
__Ltext31                               text31       000000
__Ltext32                               text32       000000
__Ltext33                               text33       000000
__Ltext34                               text34       000000
__Ltext35                               text35       000000
__Ltext36                               text36       000000
__Ltext37                               text37       000000
__Ltext38                               text38       000000
__Ltext39                               text39       000000
__Ltext4                                text4        000000
__Ltext40                               text40       000000
__Ltext41                               text41       000000
__Ltext42                               text42       000000
__Ltext43                               text43       000000
__Ltext44                               text44       000000
__Ltext45                               text45       000000
__Ltext46                               text46       000000
__Ltext47                               text47       000000
__Ltext48                               text48       000000
__Ltext5                                text5        000000
__Ltext6                                text6        000000
__Ltext7                                text7        000000
__Ltext8                                text8        000000
__Ltext9                                text9        000000
__S0                                    (abs)        002B24
__S1                                    (abs)        000120
__S4                                    (abs)        000000
__S5                                    (abs)        000000
___awdiv                                text44       001B5E
___awdiv@counter                        cstackCOMRAM 000005
___awdiv@dividend                       cstackCOMRAM 000001
___awdiv@divisor                        cstackCOMRAM 000003
___awdiv@quotient                       cstackCOMRAM 000007
___awdiv@sign                           cstackCOMRAM 000006
___awmod                                text43       001D8E
___awmod@counter                        cstackCOMRAM 000005
___awmod@dividend                       cstackCOMRAM 000001
___awmod@divisor                        cstackCOMRAM 000003
___awmod@sign                           cstackCOMRAM 000006
___heap_hi                              (abs)        000000
___heap_lo                              (abs)        000000
___inthi_sp                             stack        000000
___intlo_sp                             stack        000000
___param_bank                           (abs)        000000
___rparam_used                          (abs)        000001
___sp                                   stack        000000
__accesstop                             (abs)        000080
__activetblptr                          (abs)        000003
__end_of_InterruptManager               intcode_body 001EE4
__end_of_SET_FLAG                       text25       0020BC
__end_of_TIMER0_ISR                     text24       002A4E
__end_of_TIMER1_ISR                     text23       002B22
__end_of_Timer0_init                    text17       0022F2
__end_of_Timer1_init                    text13       001CDC
__end_of_Timer1_read_value              text47       002966
__end_of_Timer1_write_value             text46       002B1E
__end_of___awdiv                        text44       001C22
__end_of___awmod                        text43       001E3E
__end_of__initialization                cinit        002836
__end_of_abs                            text42       0029EA
__end_of_application_initialize         text5        002AA8
__end_of_cnvert_uint32_to_string        text33       001D8E
__end_of_dtoa                           text37       0011AE
__end_of_fputc                          text40       001B5E
__end_of_fputs                          text39       0029AA
__end_of_gpio_pin_direction_intialize   text12       00158A
__end_of_gpio_pin_intialize             text10       00254E
__end_of_gpio_pin_write_logic           text11       0017D8
__end_of_lcd_4_bit_set_cursor           text4        0019CA
__end_of_lcd_pins_4_initialize          text6        001460
__end_of_main                           text0        00269A
__end_of_memset                         text45       001324
__end_of_pad                            text38       002468
__end_of_prescaler_timer_status         text21       0024DC
__end_of_putch                          text41       002B24
__end_of_select_cnt_reg_size            text20       00274E
__end_of_select_prescaler_timer         text16       002A20
__end_of_select_timer_mode              text19       002020
__end_of_select_timer_mode@timer1$F836  text15       001F82
__end_of_send_4_bit_char_data           text3        002370
__end_of_send_4_bit_char_data_pos       text2        002920
__end_of_send_4_bit_command             text7        0023EE
__end_of_send_4_bit_enable              text9        0027A2
__end_of_send_4_bit_help                text8        0021E4
__end_of_send_4_bit_string_data         text1        0026F4
__end_of_send_4_bit_string_data_pos     text26       002152
__end_of_set_TIMER0_interrupt           text18       002AFC
__end_of_set_TIMER1_interrupt           text14       002AD2
__end_of_sprintf                        text34       0028DA
__end_of_vfpfcnvrt                      text36       0016B4
__end_of_vfprintf                       text35       0027F2
__end_ofi2_gpio_pin_write_logic         text32       0018F6
__end_ofi2_lcd_4_bit_set_cursor         text28       001A94
__end_ofi2_send_4_bit_char_data         text27       0025C0
__end_ofi2_send_4_bit_command           text29       002632
__end_ofi2_send_4_bit_enable            text31       00288E
__end_ofi2_send_4_bit_help              text30       00226C
__initialization                        cinit        0027F2
__mediumconst                           mediumconst  000000
__pbssBANK0                             bssBANK0     0000AD
__pbssBANK1                             bssBANK1     000100
__pbssCOMRAM                            bssCOMRAM    00006F
__pcinit                                cinit        0027F2
__pcstackBANK0                          cstackBANK0  0000D4
__pcstackCOMRAM                         cstackCOMRAM 000001
__pdataBANK0                            dataBANK0    000080
__pidataBANK0                           idataBANK0   002A4E
__pintcode                              intcode      000008
__pintcode_body                         intcode_body 001E3E
__psmallconst                           smallconst   001000
__ptext0                                text0        002632
__ptext1                                text1        00269A
__ptext10                               text10       0024DC
__ptext11                               text11       0016B4
__ptext12                               text12       001460
__ptext13                               text13       001C22
__ptext14                               text14       002AA8
__ptext15                               text15       001EE4
__ptext16                               text16       0029EA
__ptext17                               text17       00226C
__ptext18                               text18       002AD2
__ptext19                               text19       001F82
__ptext2                                text2        0028DA
__ptext20                               text20       0026F4
__ptext21                               text21       002468
__ptext23                               text23       002B1E
__ptext24                               text24       002A20
__ptext25                               text25       002020
__ptext26                               text26       0020BC
__ptext27                               text27       00254E
__ptext28                               text28       0019CA
__ptext29                               text29       0025C0
__ptext3                                text3        0022F2
__ptext30                               text30       0021E4
__ptext31                               text31       002840
__ptext32                               text32       0017D8
__ptext33                               text33       001CDC
__ptext34                               text34       00288E
__ptext35                               text35       0027A2
__ptext36                               text36       00158A
__ptext37                               text37       00101A
__ptext38                               text38       0023EE
__ptext39                               text39       002966
__ptext4                                text4        0018F6
__ptext40                               text40       001A94
__ptext41                               text41       002B22
__ptext42                               text42       0029AA
__ptext43                               text43       001D8E
__ptext44                               text44       001B5E
__ptext45                               text45       0011AE
__ptext46                               text46       002AFC
__ptext47                               text47       002920
__ptext48                               text48       000000
__ptext5                                text5        002A7C
__ptext6                                text6        001324
__ptext7                                text7        002370
__ptext8                                text8        002152
__ptext9                                text9        00274E
__ramtop                                ramtop       001000
__smallconst                            smallconst   001000
_abs                                    text42       0029AA
_application_initialize                 text5        002A7C
_arr                                    bssBANK0     0000C0
_cnvert_uint32_to_string                text33       001CDC
_dbuf                                   bssBANK1     000100
_dtoa                                   text37       00101A
_dtoa$1640                              cstackCOMRAM 000020
_flag                                   bssCOMRAM    00007A
_flags                                  bssCOMRAM    000079
_fputc                                  text40       001A94
_fputs                                  text39       002966
_freq                                   bssCOMRAM    00007B
_gpio_pin_direction_intialize           text12       001460
_gpio_pin_intialize                     text10       0024DC
_gpio_pin_write_logic                   text11       0016B4
_lat_reg                                dataBANK0    00008A
_lcd_4_bit_set_cursor                   text4        0018F6
_lcd_4bit                               dataBANK0    0000A7
_lcd_pins_4_initialize                  text6        001324
_main                                   text0        002632
_memset                                 text45       0011AE
_pad                                    text38       0023EE
_port_reg                               dataBANK0    000080
_prec                                   bssCOMRAM    000075
_prescaler_timer_status                 text21       002468
_putch                                  text41       002B22
_select_cnt_reg_size                    text20       0026F4
_select_prescaler_timer                 text16       0029EA
_select_timer_mode                      text19       001F82
_select_timer_mode@timer1$F836          text15       001EE4
_send_4_bit_char_data                   text3        0022F2
_send_4_bit_char_data_pos               text2        0028DA
_send_4_bit_command                     text7        002370
_send_4_bit_enable                      text9        00274E
_send_4_bit_help                        text8        002152
_send_4_bit_string_data                 text1        00269A
_send_4_bit_string_data_pos             text26       0020BC
_set_TIMER0_interrupt                   text18       002AD2
_set_TIMER1_interrupt                   text14       002AA8
_sprintf                                text34       00288E
_timer0_obj                             dataBANK0    00009E
_timer1_obj                             bssBANK0     0000CB
_tris_reg                               dataBANK0    000094
_vfpfcnvrt                              text36       00158A
_vfprintf                               text35       0027A2
_width                                  bssCOMRAM    000073
abs@a                                   cstackCOMRAM 000007
btemp                                   temp         00007D
cnvert_uint32_to_string@DataCounter     cstackCOMRAM 000062
cnvert_uint32_to_string@F3228           bssBANK0     0000AD
cnvert_uint32_to_string@Temp_String     cstackCOMRAM 000057
cnvert_uint32_to_string@str             cstackCOMRAM 000055
cnvert_uint32_to_string@value           cstackCOMRAM 000053
dtoa@d                                  cstackCOMRAM 00001E
dtoa@fp                                 cstackCOMRAM 00001C
dtoa@i                                  cstackCOMRAM 000026
dtoa@p                                  cstackCOMRAM 000022
dtoa@s                                  cstackCOMRAM 000028
dtoa@w                                  cstackCOMRAM 000024
end_of_initialization                   cinit        002836
fputc@c                                 cstackCOMRAM 000001
fputc@fp                                cstackCOMRAM 000003
fputs@c                                 cstackCOMRAM 00000E
fputs@fp                                cstackCOMRAM 00000C
fputs@i                                 cstackCOMRAM 00000F
fputs@s                                 cstackCOMRAM 00000A
gpio_pin_direction_intialize@Pin_Config cstackBANK0  0000D4
gpio_pin_direction_intialize@ret        cstackBANK0  0000DC
gpio_pin_intialize@Pin_Config           cstackBANK0  0000DE
gpio_pin_intialize@ret                  cstackBANK0  0000E1
gpio_pin_write_logic@Pin_Config         cstackBANK0  0000D4
gpio_pin_write_logic@logic              cstackBANK0  0000D6
gpio_pin_write_logic@ret                cstackBANK0  0000DD
i2_gpio_pin_write_logic                 text32       0017D8
i2_lcd_4_bit_set_cursor                 text28       0019CA
i2_send_4_bit_char_data                 text27       00254E
i2_send_4_bit_command                   text29       0025C0
i2_send_4_bit_enable                    text31       002840
i2_send_4_bit_help                      text30       0021E4
i2gpio_pin_write_logic@Pin_Config       cstackCOMRAM 000001
i2gpio_pin_write_logic@logic            cstackCOMRAM 000003
i2gpio_pin_write_logic@ret              cstackCOMRAM 00000A
i2lcd_4_bit_set_cursor@column           cstackCOMRAM 000016
i2lcd_4_bit_set_cursor@lcd              cstackCOMRAM 000013
i2lcd_4_bit_set_cursor@ret              cstackCOMRAM 000017
i2lcd_4_bit_set_cursor@row              cstackCOMRAM 000015
i2send_4_bit_char_data@data             cstackCOMRAM 000011
i2send_4_bit_char_data@lcd              cstackCOMRAM 00000F
i2send_4_bit_char_data@ret              cstackCOMRAM 000012
i2send_4_bit_command@command            cstackCOMRAM 000011
i2send_4_bit_command@lcd                cstackCOMRAM 00000F
i2send_4_bit_command@ret                cstackCOMRAM 000012
i2send_4_bit_enable@lcd                 cstackCOMRAM 00000B
i2send_4_bit_enable@ret                 cstackCOMRAM 00000D
i2send_4_bit_help@data_command          cstackCOMRAM 00000D
i2send_4_bit_help@lcd                   cstackCOMRAM 00000B
i2send_4_bit_help@ret                   cstackCOMRAM 00000E
int$flags                               temp         00007D
int_func                                intcode_body 001E3E
intlevel0                               text         000000
intlevel1                               text         000000
intlevel2                               text         000000
intlevel3                               text         000000
isa$std                                 (abs)        000001
isa$xinst                               (abs)        000000
lcd_4_bit_set_cursor@column             cstackBANK0  0000E9
lcd_4_bit_set_cursor@lcd                cstackBANK0  0000E6
lcd_4_bit_set_cursor@ret                cstackBANK0  0000EA
lcd_4_bit_set_cursor@row                cstackBANK0  0000E8
lcd_pins_4_initialize@cnt_pin           cstackBANK0  0000EB
lcd_pins_4_initialize@lcd               cstackBANK0  0000E6
lcd_pins_4_initialize@ret               cstackBANK0  0000EA
main@i                                  cstackBANK0  0000F2
memset@c                                cstackCOMRAM 000003
memset@dest                             cstackCOMRAM 000001
memset@k                                cstackCOMRAM 000009
memset@n                                cstackCOMRAM 000005
memset@s                                cstackCOMRAM 00000B
pad@buf                                 cstackCOMRAM 000013
pad@fp                                  cstackCOMRAM 000011
pad@i                                   cstackCOMRAM 000018
pad@p                                   cstackCOMRAM 000015
pad@w                                   cstackCOMRAM 00001A
prescaler_timer_status@timer0           cstackBANK0  0000D4
select_cnt_reg_size@timer0              cstackBANK0  0000D4
select_prescaler_timer@timer1           cstackBANK0  0000D4
select_timer_mode@timer0                cstackBANK0  0000D4
select_timer_mode@timer1$F836@timer1    cstackBANK0  0000D4
send_4_bit_char_data@data               cstackBANK0  0000E4
send_4_bit_char_data@lcd                cstackBANK0  0000E2
send_4_bit_char_data@ret                cstackBANK0  0000E5
send_4_bit_char_data_pos@column         cstackBANK0  0000EE
send_4_bit_char_data_pos@data           cstackBANK0  0000EF
send_4_bit_char_data_pos@lcd            cstackBANK0  0000EB
send_4_bit_char_data_pos@ret            cstackBANK0  0000F0
send_4_bit_char_data_pos@row            cstackBANK0  0000ED
send_4_bit_command@command              cstackBANK0  0000E4
send_4_bit_command@lcd                  cstackBANK0  0000E2
send_4_bit_command@ret                  cstackBANK0  0000E5
send_4_bit_enable@lcd                   cstackBANK0  0000DE
send_4_bit_enable@ret                   cstackBANK0  0000E0
send_4_bit_help@data_command            cstackBANK0  0000E0
send_4_bit_help@lcd                     cstackBANK0  0000DE
send_4_bit_help@ret                     cstackBANK0  0000E1
send_4_bit_string_data@data             cstackBANK0  0000E8
send_4_bit_string_data@lcd              cstackBANK0  0000E6
send_4_bit_string_data_pos@column       cstackCOMRAM 00001B
send_4_bit_string_data_pos@data         cstackCOMRAM 00001C
send_4_bit_string_data_pos@lcd          cstackCOMRAM 000018
send_4_bit_string_data_pos@row          cstackCOMRAM 00001A
set_TIMER0_interrupt@timer0             cstackBANK0  0000D4
set_TIMER1_interrupt@timer1             cstackBANK0  0000D4
sprintf@ap                              cstackCOMRAM 000045
sprintf@f                               cstackCOMRAM 000047
sprintf@fmt                             cstackCOMRAM 000041
sprintf@s                               cstackCOMRAM 00003F
stackhi                                 (abs)        000000
stacklo                                 (abs)        000000
start                                   init         00000E
start_initialization                    cinit        0027F2
ttemp5                                  temp         00007E
ttemp6                                  temp         000081
ttemp7                                  temp         000085
vfpfcnvrt@ap                            cstackCOMRAM 00002D
vfpfcnvrt@convarg                       cstackCOMRAM 000031
vfpfcnvrt@cp                            cstackCOMRAM 000035
vfpfcnvrt@fmt                           cstackCOMRAM 00002B
vfpfcnvrt@fp                            cstackCOMRAM 000029
vfprintf@ap                             cstackCOMRAM 00003B
vfprintf@cfmt                           cstackCOMRAM 00003D
vfprintf@fmt                            cstackCOMRAM 000039
vfprintf@fp                             cstackCOMRAM 000037
wtemp8                                  temp         00007E


MODULE INFORMATION

Module		Function		Class		Link	Load	Size
C:\Program Files\Microchip\xc8\v2.41\pic\sources\c99\common\awmod.c
		___awmod       		CODE           	1D8E	0000	176

C:\Program Files\Microchip\xc8\v2.41\pic\sources\c99\common\awmod.c estimated size: 176

ECU_layer/LCD/ecu_lcd.c
		_send_4_bit_string_data_pos		CODE           	20BC	0000	150
		_send_4_bit_char_data_pos		CODE           	28DA	0000	70
		_cnvert_uint32_to_string		CODE           	1CDC	0000	178
		_lcd_4_bit_set_cursor		CODE           	18F6	0000	212
		_send_4_bit_enable		CODE           	274E	0000	84
		_send_4_bit_string_data		CODE           	269A	0000	90
		_lcd_pins_4_initialize		CODE           	1324	0000	316
		_send_4_bit_command		CODE           	2370	0000	126
		_send_4_bit_char_data		CODE           	22F2	0000	126
		_send_4_bit_help		CODE           	2152	0000	146

ECU_layer/LCD/ecu_lcd.c estimated size: 1498

C:\Program Files\Microchip\xc8\v2.41\pic\sources\c99\common\nf_fputc.c
		_fputc         		CODE           	1A94	0000	202

C:\Program Files\Microchip\xc8\v2.41\pic\sources\c99\common\nf_fputc.c estimated size: 202

MCAL_layer/Interrupt/interrupt_manager.c
		_InterruptManager		CODE           	0008	0000	172

MCAL_layer/Interrupt/interrupt_manager.c estimated size: 172

C:\Program Files\Microchip\xc8\v2.41\pic\sources\c99\common\memset.c
		_memset        		CODE           	11AE	0000	374

C:\Program Files\Microchip\xc8\v2.41\pic\sources\c99\common\memset.c estimated size: 374

C:\Program Files\Microchip\xc8\v2.41\pic\sources\c99\common\nf_sprintf.c
		_sprintf       		CODE           	288E	0000	76

C:\Program Files\Microchip\xc8\v2.41\pic\sources\c99\common\nf_sprintf.c estimated size: 76

MCAL_layer/TIMER1/timer1.c
		_TIMER1_ISR    		CODE           	2B1E	0000	4
		_select_prescaler_timer		CODE           	29EA	0000	54
		_Timer1_init   		CODE           	1C22	0000	186
		_select_timer_mode@timer1$F836		CODE           	1EE4	0000	158
		_Timer1_read_value		CODE           	2920	0000	70
		_set_TIMER1_interrupt		CODE           	2AA8	0000	42
		_Timer1_write_value		CODE           	2AFC	0000	34

MCAL_layer/TIMER1/timer1.c estimated size: 548

C:\Program Files\Microchip\xc8\v2.41\pic\sources\c99\common\awdiv.c
		___awdiv       		CODE           	1B5E	0000	196

C:\Program Files\Microchip\xc8\v2.41\pic\sources\c99\common\awdiv.c estimated size: 196

C:\Program Files\Microchip\xc8\v2.41\pic\sources\c99\common\abs.c
		_abs           		CODE           	29AA	0000	64

C:\Program Files\Microchip\xc8\v2.41\pic\sources\c99\common\abs.c estimated size: 64

MCAL_layer/TIMER0/timer0.c
		_Timer0_init   		CODE           	226C	0000	134
		_select_timer_mode		CODE           	1F82	0000	158
		_prescaler_timer_status		CODE           	2468	0000	116
		_select_cnt_reg_size		CODE           	26F4	0000	90
		_TIMER0_ISR    		CODE           	2A20	0000	46
		_set_TIMER0_interrupt		CODE           	2AD2	0000	42

MCAL_layer/TIMER0/timer0.c estimated size: 586

C:\Program Files\Microchip\xc8\v2.41\pic\sources\c99\common\doprnt.c
		_vfpfcnvrt     		CODE           	158A	0000	298
		_pad           		CODE           	23EE	0000	122
		_dtoa          		CODE           	101A	0000	404
		_vfprintf      		CODE           	27A2	0000	80

C:\Program Files\Microchip\xc8\v2.41\pic\sources\c99\common\doprnt.c estimated size: 904

shared
		i2_lcd_4_bit_set_cursor		CODE           	19CA	0000	202
		i2_send_4_bit_char_data		CODE           	254E	0000	114
		i2_send_4_bit_help		CODE           	21E4	0000	136
		__initialization		CODE           	27F2	0000	68
		i2_gpio_pin_write_logic		CODE           	17D8	0000	286
		i2_send_4_bit_command		CODE           	25C0	0000	114
		i2_send_4_bit_enable		CODE           	2840	0000	78

shared estimated size: 998

freq_meter.c
		_SET_FLAG      		CODE           	2020	0000	156
		_application_initialize		CODE           	2A7C	0000	44
		_main          		CODE           	2632	0000	104

freq_meter.c estimated size: 304

MCAL_layer/GPIO/gpio.c
		_gpio_pin_write_logic		CODE           	16B4	0000	292
		_gpio_pin_intialize		CODE           	24DC	0000	114
		_gpio_pin_direction_intialize		CODE           	1460	0000	298

MCAL_layer/GPIO/gpio.c estimated size: 704

C:\Program Files\Microchip\xc8\v2.41\pic\sources\c99\common\putch.c
		_putch         		CODE           	2B22	0000	2

C:\Program Files\Microchip\xc8\v2.41\pic\sources\c99\common\putch.c estimated size: 2

C:\Program Files\Microchip\xc8\v2.41\pic\sources\c99\common\nf_fputs.c
		_fputs         		CODE           	2966	0000	68

C:\Program Files\Microchip\xc8\v2.41\pic\sources\c99\common\nf_fputs.c estimated size: 68

